../Core/Src/main.c:66:6:map	24	static
../Core/Src/main.c:70:6:delayUs	16	static
../Core/Src/main.c:82:6:HAL_TIM_IC_CaptureCallback	16	static
../Core/Src/main.c:114:10:getDistance	8	static
../Core/Src/main.c:130:5:main	24	static
../Core/Src/main.c:189:6:SystemClock_Config	88	static
../Core/Src/main.c:231:13:MX_TIM1_Init	96	static
../Core/Src/main.c:306:13:MX_TIM3_Init	48	static
../Core/Src/main.c:364:13:MX_TIM11_Init	8	static
../Core/Src/main.c:395:13:MX_USART2_UART_Init	8	static
../Core/Src/main.c:428:13:MX_GPIO_Init	32	static
../Core/Src/main.c:459:6:Error_Handler	4	static,ignoring_inline_asm
